// Vitest Snapshot v1

exports[`Color contrast > Lightens tokens inside marked lines 1`] = `
<pre class="shiki" style="background-color: #2e3440ff; color: #d8dee9ff"
	><div class="language-id">astro</div
	><div class="code-container"
		><code
			><div class="line"><span style="color: #616e88">---</span></div
			><div class="line mark"
				><span style="color: #a6bdd3">import</span
				><span style="color: #d8dee9"> </span
				><span style="color: #d8dee9">MyReactComponent</span
				><span style="color: #d8dee9"> </span
				><span style="color: #a6bdd3">from</span
				><span style="color: #d8dee9"> </span
				><span style="color: #eceff4">'</span
				><span style="color: #a9c293">../components/MyReactComponent.jsx</span
				><span style="color: #eceff4">'</span
				><span style="color: #a6bdd3">;</span></div
			><div class="line"
				><span style="color: #81a1c1">import</span
				><span style="color: #d8dee9ff"> </span
				><span style="color: #d8dee9">MyAstroComponent</span
				><span style="color: #d8dee9ff"> </span
				><span style="color: #81a1c1">from</span
				><span style="color: #d8dee9ff"> </span
				><span style="color: #eceff4">'</span
				><span style="color: #a3be8c">../components/MyAstroComponent.astro</span
				><span style="color: #eceff4">'</span
				><span style="color: #81a1c1">;</span></div
			><div class="line"><span style="color: #616e88">---</span></div
			><div class="line"></div
			><div class="line"
				><span style="color: #81a1c1">&lt;</span
				><span style="color: #8fbcbb">MyReactComponent</span
				><span style="color: #81a1c1">&gt;</span></div
			><div class="line mark"
				><span style="color: #d8dee9"> </span
				><span style="color: #a6bdd3">&lt;</span
				><span style="color: #99c2c1">MyAstroComponent</span
				><span style="color: #d8dee9"> </span
				><span style="color: #99c2c1">slot</span
				><span style="color: #eceff4">=</span
				><span style="color: #eceff4">"</span
				><span style="color: #a9c293">name</span
				><span style="color: #eceff4">"</span
				><span style="color: #d8dee9"> </span
				><span style="color: #a6bdd3">/&gt;</span></div
			><div class="line"
				><span style="color: #81a1c1">&lt;/</span
				><span style="color: #8fbcbb">MyReactComponent</span
				><span style="color: #81a1c1">&gt;</span></div
			></code
		></div
	></pre
>

`;
